<?xml version="1.0"?>
<link_info>
   <banner>TI ARM Linker PC v5.2.9</banner>
   <copyright>Copyright (c) 1996-2017 Texas Instruments Incorporated</copyright>
   <link_time>0x6637cd06</link_time>
   <link_errors>0x0</link_errors>
   <output_file>freertos_demo.out</output_file>
   <entry_point>
      <name>_c_int00</name>
      <address>0x2955</address>
   </entry_point>
   <input_file_list>
      <input_file id="fl-2">
         <path>.\</path>
         <kind>object</kind>
         <file>freertos_demo.obj</file>
         <name>freertos_demo.obj</name>
      </input_file>
      <input_file id="fl-3">
         <path>.\</path>
         <kind>object</kind>
         <file>led_task.obj</file>
         <name>led_task.obj</name>
      </input_file>
      <input_file id="fl-4">
         <path>.\</path>
         <kind>object</kind>
         <file>startup_ccs.obj</file>
         <name>startup_ccs.obj</name>
      </input_file>
      <input_file id="fl-5">
         <path>.\</path>
         <kind>object</kind>
         <file>switch_task.obj</file>
         <name>switch_task.obj</name>
      </input_file>
      <input_file id="fl-6">
         <path>.\drivers\</path>
         <kind>object</kind>
         <file>buttons.obj</file>
         <name>buttons.obj</name>
      </input_file>
      <input_file id="fl-7">
         <path>.\drivers\</path>
         <kind>object</kind>
         <file>rgb.obj</file>
         <name>rgb.obj</name>
      </input_file>
      <input_file id="fl-8">
         <path>.\third_party\FreeRTOS\Source\</path>
         <kind>object</kind>
         <file>list.obj</file>
         <name>list.obj</name>
      </input_file>
      <input_file id="fl-9">
         <path>.\third_party\FreeRTOS\Source\</path>
         <kind>object</kind>
         <file>queue.obj</file>
         <name>queue.obj</name>
      </input_file>
      <input_file id="fl-a">
         <path>.\third_party\FreeRTOS\Source\</path>
         <kind>object</kind>
         <file>tasks.obj</file>
         <name>tasks.obj</name>
      </input_file>
      <input_file id="fl-b">
         <path>.\third_party\FreeRTOS\Source\portable\CCS\ARM_CM4F\</path>
         <kind>object</kind>
         <file>port.obj</file>
         <name>port.obj</name>
      </input_file>
      <input_file id="fl-c">
         <path>.\third_party\FreeRTOS\Source\portable\CCS\ARM_CM4F\</path>
         <kind>object</kind>
         <file>portasm.obj</file>
         <name>portasm.obj</name>
      </input_file>
      <input_file id="fl-d">
         <path>.\third_party\FreeRTOS\Source\portable\MemMang\</path>
         <kind>object</kind>
         <file>heap_2.obj</file>
         <name>heap_2.obj</name>
      </input_file>
      <input_file id="fl-e">
         <path>.\utils\</path>
         <kind>object</kind>
         <file>uartstdio.obj</file>
         <name>uartstdio.obj</name>
      </input_file>
      <input_file id="fl-f">
         <path>.\utils\</path>
         <kind>object</kind>
         <file>ustdlib.obj</file>
         <name>ustdlib.obj</name>
      </input_file>
      <input_file id="fl-136">
         <path>C:\ti\ccs1260\ccs\tools\compiler\ti-cgt-arm_5.2.9\lib\</path>
         <kind>archive</kind>
         <file>rtsv7M4_T_le_v4SPD16_eabi.lib</file>
         <name>boot.obj</name>
      </input_file>
      <input_file id="fl-137">
         <path>C:\ti\ccs1260\ccs\tools\compiler\ti-cgt-arm_5.2.9\lib\</path>
         <kind>archive</kind>
         <file>rtsv7M4_T_le_v4SPD16_eabi.lib</file>
         <name>copy_decompress_none.obj</name>
      </input_file>
      <input_file id="fl-138">
         <path>C:\ti\ccs1260\ccs\tools\compiler\ti-cgt-arm_5.2.9\lib\</path>
         <kind>archive</kind>
         <file>rtsv7M4_T_le_v4SPD16_eabi.lib</file>
         <name>copy_decompress_rle.obj</name>
      </input_file>
      <input_file id="fl-139">
         <path>C:\ti\ccs1260\ccs\tools\compiler\ti-cgt-arm_5.2.9\lib\</path>
         <kind>archive</kind>
         <file>rtsv7M4_T_le_v4SPD16_eabi.lib</file>
         <name>copy_zero_init.obj</name>
      </input_file>
      <input_file id="fl-13a">
         <path>C:\ti\ccs1260\ccs\tools\compiler\ti-cgt-arm_5.2.9\lib\</path>
         <kind>archive</kind>
         <file>rtsv7M4_T_le_v4SPD16_eabi.lib</file>
         <name>exit.obj</name>
      </input_file>
      <input_file id="fl-13b">
         <path>C:\ti\ccs1260\ccs\tools\compiler\ti-cgt-arm_5.2.9\lib\</path>
         <kind>archive</kind>
         <file>rtsv7M4_T_le_v4SPD16_eabi.lib</file>
         <name>fs_toull_t2.obj</name>
      </input_file>
      <input_file id="fl-13c">
         <path>C:\ti\ccs1260\ccs\tools\compiler\ti-cgt-arm_5.2.9\lib\</path>
         <kind>archive</kind>
         <file>rtsv7M4_T_le_v4SPD16_eabi.lib</file>
         <name>memcpy_t2.obj</name>
      </input_file>
      <input_file id="fl-13d">
         <path>C:\ti\ccs1260\ccs\tools\compiler\ti-cgt-arm_5.2.9\lib\</path>
         <kind>archive</kind>
         <file>rtsv7M4_T_le_v4SPD16_eabi.lib</file>
         <name>memset_t2.obj</name>
      </input_file>
      <input_file id="fl-13e">
         <path>C:\ti\ccs1260\ccs\tools\compiler\ti-cgt-arm_5.2.9\lib\</path>
         <kind>archive</kind>
         <file>rtsv7M4_T_le_v4SPD16_eabi.lib</file>
         <name>pre_init.obj</name>
      </input_file>
      <input_file id="fl-13f">
         <path>C:\ti\ccs1260\ccs\tools\compiler\ti-cgt-arm_5.2.9\lib\</path>
         <kind>archive</kind>
         <file>rtsv7M4_T_le_v4SPD16_eabi.lib</file>
         <name>stkdepth_vars.obj</name>
      </input_file>
      <input_file id="fl-140">
         <path>C:\ti\ccs1260\ccs\tools\compiler\ti-cgt-arm_5.2.9\lib\</path>
         <kind>archive</kind>
         <file>rtsv7M4_T_le_v4SPD16_eabi.lib</file>
         <name>u_divt2.obj</name>
      </input_file>
      <input_file id="fl-141">
         <path>C:\ti\ccs1260\ccs\tools\compiler\ti-cgt-arm_5.2.9\lib\</path>
         <kind>archive</kind>
         <file>rtsv7M4_T_le_v4SPD16_eabi.lib</file>
         <name>_lock.obj</name>
      </input_file>
      <input_file id="fl-142">
         <path>C:\ti\ccs1260\ccs\tools\compiler\ti-cgt-arm_5.2.9\lib\</path>
         <kind>archive</kind>
         <file>rtsv7M4_T_le_v4SPD16_eabi.lib</file>
         <name>args_main.obj</name>
      </input_file>
      <input_file id="fl-143">
         <path>C:\ti\ccs1260\ccs\tools\compiler\ti-cgt-arm_5.2.9\lib\</path>
         <kind>archive</kind>
         <file>rtsv7M4_T_le_v4SPD16_eabi.lib</file>
         <name>autoinit.obj</name>
      </input_file>
      <input_file id="fl-144">
         <path>C:\ti\ccs1260\ccs\tools\compiler\ti-cgt-arm_5.2.9\lib\</path>
         <kind>archive</kind>
         <file>rtsv7M4_T_le_v4SPD16_eabi.lib</file>
         <name>cpy_tbl.obj</name>
      </input_file>
      <input_file id="fl-145">
         <path>C:\ti\ccs1260\ccs\tools\compiler\ti-cgt-arm_5.2.9\lib\</path>
         <kind>archive</kind>
         <file>rtsv7M4_T_le_v4SPD16_eabi.lib</file>
         <name>i_div0.obj</name>
      </input_file>
      <input_file id="fl-146">
         <path>C:\ti\TivaWare_C_Series-2.1.4.178\driverlib\ccs\Debug\</path>
         <kind>archive</kind>
         <file>driverlib.lib</file>
         <name>gpio.obj</name>
      </input_file>
      <input_file id="fl-147">
         <path>C:\ti\TivaWare_C_Series-2.1.4.178\driverlib\ccs\Debug\</path>
         <kind>archive</kind>
         <file>driverlib.lib</file>
         <name>interrupt.obj</name>
      </input_file>
      <input_file id="fl-148">
         <path>C:\ti\TivaWare_C_Series-2.1.4.178\driverlib\ccs\Debug\</path>
         <kind>archive</kind>
         <file>driverlib.lib</file>
         <name>sysctl.obj</name>
      </input_file>
      <input_file id="fl-149">
         <path>C:\ti\TivaWare_C_Series-2.1.4.178\driverlib\ccs\Debug\</path>
         <kind>archive</kind>
         <file>driverlib.lib</file>
         <name>timer.obj</name>
      </input_file>
      <input_file id="fl-14a">
         <path>C:\ti\TivaWare_C_Series-2.1.4.178\driverlib\ccs\Debug\</path>
         <kind>archive</kind>
         <file>driverlib.lib</file>
         <name>uart.obj</name>
      </input_file>
      <input_file id="fl-14b">
         <path>C:\ti\TivaWare_C_Series-2.1.4.178\driverlib\ccs\Debug\</path>
         <kind>archive</kind>
         <file>driverlib.lib</file>
         <name>cpu.obj</name>
      </input_file>
   </input_file_list>
   <object_component_list>
      <object_component id="oc-f">
         <name>.intvecs</name>
         <load_address>0x0</load_address>
         <run_address>0x0</run_address>
         <size>0x26c</size>
         <input_file_ref idref="fl-4"/>
      </object_component>
      <object_component id="oc-281">
         <name>.text:CameraUARTService1</name>
         <load_address>0x26c</load_address>
         <run_address>0x26c</run_address>
         <size>0x2fc</size>
         <input_file_ref idref="fl-2"/>
      </object_component>
      <object_component id="oc-293">
         <name>.text:DiagnosticsLEDService4</name>
         <load_address>0x568</load_address>
         <run_address>0x568</run_address>
         <size>0x290</size>
         <input_file_ref idref="fl-2"/>
      </object_component>
      <object_component id="oc-28d">
         <name>.text:Motor2Service3</name>
         <load_address>0x7f8</load_address>
         <run_address>0x7f8</run_address>
         <size>0x250</size>
         <input_file_ref idref="fl-2"/>
      </object_component>
      <object_component id="oc-287">
         <name>.text:Motor1Service2</name>
         <load_address>0xa48</load_address>
         <run_address>0xa48</run_address>
         <size>0x1fc</size>
         <input_file_ref idref="fl-2"/>
      </object_component>
      <object_component id="oc-237">
         <name>.text:UARTvprintf</name>
         <load_address>0xc44</load_address>
         <run_address>0xc44</run_address>
         <size>0x1ea</size>
         <input_file_ref idref="fl-e"/>
      </object_component>
      <object_component id="oc-36">
         <name>.text:FaultISR</name>
         <load_address>0xe2e</load_address>
         <run_address>0xe2e</run_address>
         <size>0x2</size>
         <input_file_ref idref="fl-4"/>
      </object_component>
      <object_component id="oc-274">
         <name>.text:Timer0AInterruptHandler</name>
         <load_address>0xe30</load_address>
         <run_address>0xe30</run_address>
         <size>0x1b4</size>
         <input_file_ref idref="fl-2"/>
      </object_component>
      <object_component id="oc-15e">
         <name>.text:TaskConfig</name>
         <load_address>0xfe4</load_address>
         <run_address>0xfe4</run_address>
         <size>0x1a0</size>
         <input_file_ref idref="fl-2"/>
      </object_component>
      <object_component id="oc-128">
         <name>.text:SemaphoresConfig</name>
         <load_address>0x1184</load_address>
         <run_address>0x1184</run_address>
         <size>0x150</size>
         <input_file_ref idref="fl-2"/>
      </object_component>
      <object_component id="oc-2fe">
         <name>.text:GPIOPadConfigSet</name>
         <load_address>0x12d4</load_address>
         <run_address>0x12d4</run_address>
         <size>0x132</size>
         <input_file_ref idref="fl-146"/>
      </object_component>
      <object_component id="oc-3c">
         <name>.text:IntDefaultHandler</name>
         <load_address>0x1406</load_address>
         <run_address>0x1406</run_address>
         <size>0x2</size>
         <input_file_ref idref="fl-4"/>
      </object_component>
      <object_component id="oc-134">
         <name>.text:ConfigurePWM</name>
         <load_address>0x1408</load_address>
         <run_address>0x1408</run_address>
         <size>0x11c</size>
         <input_file_ref idref="fl-2"/>
      </object_component>
      <object_component id="oc-39f">
         <name>.text:xQueueGenericReceive</name>
         <load_address>0x1524</load_address>
         <run_address>0x1524</run_address>
         <size>0x11c</size>
         <input_file_ref idref="fl-9"/>
      </object_component>
      <object_component id="oc-250">
         <name>.text:SysCtlClockGet</name>
         <load_address>0x1640</load_address>
         <run_address>0x1640</run_address>
         <size>0x110</size>
         <input_file_ref idref="fl-148"/>
      </object_component>
      <object_component id="oc-27b">
         <name>.text:xTaskGenericCreate</name>
         <load_address>0x1750</load_address>
         <run_address>0x1750</run_address>
         <size>0x104</size>
         <input_file_ref idref="fl-a"/>
      </object_component>
      <object_component id="oc-a2">
         <name>.text:xTaskIncrementTick</name>
         <load_address>0x1854</load_address>
         <run_address>0x1854</run_address>
         <size>0x104</size>
         <input_file_ref idref="fl-a"/>
      </object_component>
      <object_component id="oc-1b9">
         <name>.text:SysCtlClockSet</name>
         <load_address>0x1958</load_address>
         <run_address>0x1958</run_address>
         <size>0xf4</size>
         <input_file_ref idref="fl-148"/>
      </object_component>
      <object_component id="oc-14c">
         <name>.text:xQueueGenericSend</name>
         <load_address>0x1a4c</load_address>
         <run_address>0x1a4c</run_address>
         <size>0xe8</size>
         <input_file_ref idref="fl-9"/>
      </object_component>
      <object_component id="oc-212">
         <name>.text:xTaskResumeAll</name>
         <load_address>0x1b34</load_address>
         <run_address>0x1b34</run_address>
         <size>0xe4</size>
         <input_file_ref idref="fl-a"/>
      </object_component>
      <object_component id="oc-42">
         <name>.text</name>
         <load_address>0x1c18</load_address>
         <run_address>0x1c18</run_address>
         <size>0xd2</size>
         <input_file_ref idref="fl-c"/>
      </object_component>
      <object_component id="oc-30">
         <name>.text:NmiSR</name>
         <load_address>0x1cea</load_address>
         <run_address>0x1cea</run_address>
         <size>0x2</size>
         <input_file_ref idref="fl-4"/>
      </object_component>
      <object_component id="oc-164">
         <name>.text:ConfigureUARTJetson</name>
         <load_address>0x1cec</load_address>
         <run_address>0x1cec</run_address>
         <size>0xc0</size>
         <input_file_ref idref="fl-2"/>
      </object_component>
      <object_component id="oc-3b1">
         <name>.text:vTaskDelete</name>
         <load_address>0x1dac</load_address>
         <run_address>0x1dac</run_address>
         <size>0xb4</size>
         <input_file_ref idref="fl-a"/>
      </object_component>
      <object_component id="oc-2e5">
         <name>.text:pvPortMalloc</name>
         <load_address>0x1e60</load_address>
         <run_address>0x1e60</run_address>
         <size>0xac</size>
         <input_file_ref idref="fl-d"/>
      </object_component>
      <object_component id="oc-50">
         <name>.text</name>
         <load_address>0x1f0c</load_address>
         <run_address>0x1f0c</run_address>
         <size>0x9c</size>
         <input_file_ref idref="fl-13c"/>
      </object_component>
      <object_component id="oc-471">
         <name>.text:vTaskPriorityInherit</name>
         <load_address>0x1fa8</load_address>
         <run_address>0x1fa8</run_address>
         <size>0x94</size>
         <input_file_ref idref="fl-a"/>
      </object_component>
      <object_component id="oc-d1">
         <name>.text:main</name>
         <load_address>0x203c</load_address>
         <run_address>0x203c</run_address>
         <size>0x8c</size>
         <input_file_ref idref="fl-2"/>
      </object_component>
      <object_component id="oc-9b">
         <name>.text:vTaskSwitchContext</name>
         <load_address>0x20c8</load_address>
         <run_address>0x20c8</run_address>
         <size>0x8c</size>
         <input_file_ref idref="fl-a"/>
      </object_component>
      <object_component id="oc-2eb">
         <name>.text:xQueueGenericReset</name>
         <load_address>0x2154</load_address>
         <run_address>0x2154</run_address>
         <size>0x84</size>
         <input_file_ref idref="fl-9"/>
      </object_component>
      <object_component id="oc-331">
         <name>.text:xTaskPriorityDisinherit</name>
         <load_address>0x21d8</load_address>
         <run_address>0x21d8</run_address>
         <size>0x7c</size>
         <input_file_ref idref="fl-a"/>
      </object_component>
      <object_component id="oc-69">
         <name>.text</name>
         <load_address>0x2254</load_address>
         <run_address>0x2254</run_address>
         <size>0x7a</size>
         <input_file_ref idref="fl-13d"/>
      </object_component>
      <object_component id="oc-2b8">
         <name>.text:UART2IntHandler</name>
         <load_address>0x22ce</load_address>
         <run_address>0x22ce</run_address>
         <size>0x2</size>
         <input_file_ref idref="fl-2"/>
      </object_component>
      <object_component id="oc-22a">
         <name>.text:xTaskRemoveFromEventList</name>
         <load_address>0x22d0</load_address>
         <run_address>0x22d0</run_address>
         <size>0x74</size>
         <input_file_ref idref="fl-a"/>
      </object_component>
      <object_component id="oc-224">
         <name>.text:prvCopyDataToQueue</name>
         <load_address>0x2344</load_address>
         <run_address>0x2344</run_address>
         <size>0x72</size>
         <input_file_ref idref="fl-9"/>
      </object_component>
      <object_component id="oc-432">
         <name>.text</name>
         <load_address>0x23b6</load_address>
         <run_address>0x23b6</run_address>
         <size>0x2</size>
         <input_file_ref idref="fl-145"/>
      </object_component>
      <object_component id="oc-7b">
         <name>.text</name>
         <load_address>0x23b8</load_address>
         <run_address>0x23b8</run_address>
         <size>0x6c</size>
         <input_file_ref idref="fl-143"/>
      </object_component>
      <object_component id="oc-5c">
         <name>.text</name>
         <load_address>0x2424</load_address>
         <run_address>0x2424</run_address>
         <size>0x6a</size>
         <input_file_ref idref="fl-138"/>
      </object_component>
      <object_component id="oc-f0">
         <name>.text:vApplicationStackOverflowHook</name>
         <load_address>0x248e</load_address>
         <run_address>0x248e</run_address>
         <size>0x2</size>
         <input_file_ref idref="fl-2"/>
      </object_component>
      <object_component id="oc-25c">
         <name>.text:IntEnable</name>
         <load_address>0x2490</load_address>
         <run_address>0x2490</run_address>
         <size>0x68</size>
         <input_file_ref idref="fl-147"/>
      </object_component>
      <object_component id="oc-13a">
         <name>.text:ConfigureMotorGPIO</name>
         <load_address>0x24f8</load_address>
         <run_address>0x24f8</run_address>
         <size>0x64</size>
         <input_file_ref idref="fl-2"/>
      </object_component>
      <object_component id="oc-21e">
         <name>.text:vTaskPlaceOnEventList</name>
         <load_address>0x255c</load_address>
         <run_address>0x255c</run_address>
         <size>0x64</size>
         <input_file_ref idref="fl-a"/>
      </object_component>
      <object_component id="oc-20c">
         <name>.text:prvUnlockQueue</name>
         <load_address>0x25c0</load_address>
         <run_address>0x25c0</run_address>
         <size>0x62</size>
         <input_file_ref idref="fl-9"/>
      </object_component>
      <object_component id="oc-24a">
         <name>.text:TimerConfigure</name>
         <load_address>0x2624</load_address>
         <run_address>0x2624</run_address>
         <size>0x60</size>
         <input_file_ref idref="fl-149"/>
      </object_component>
      <object_component id="oc-1e3">
         <name>.text:UARTStdioConfig</name>
         <load_address>0x2684</load_address>
         <run_address>0x2684</run_address>
         <size>0x60</size>
         <input_file_ref idref="fl-e"/>
      </object_component>
      <object_component id="oc-392">
         <name>.text:prvInitialiseTaskLists</name>
         <load_address>0x26e4</load_address>
         <run_address>0x26e4</run_address>
         <size>0x60</size>
         <input_file_ref idref="fl-a"/>
      </object_component>
      <object_component id="oc-16a">
         <name>.text:vTaskStartScheduler</name>
         <load_address>0x2744</load_address>
         <run_address>0x2744</run_address>
         <size>0x60</size>
         <input_file_ref idref="fl-a"/>
      </object_component>
      <object_component id="oc-158">
         <name>.text:TimerConfig</name>
         <load_address>0x27a4</load_address>
         <run_address>0x27a4</run_address>
         <size>0x58</size>
         <input_file_ref idref="fl-2"/>
      </object_component>
      <object_component id="oc-3f9">
         <name>.text:prvCheckTasksWaitingTermination</name>
         <load_address>0x27fc</load_address>
         <run_address>0x27fc</run_address>
         <size>0x58</size>
         <input_file_ref idref="fl-a"/>
      </object_component>
      <object_component id="oc-376">
         <name>.text:xQueueGiveFromISR</name>
         <load_address>0x2854</load_address>
         <run_address>0x2854</run_address>
         <size>0x56</size>
         <input_file_ref idref="fl-9"/>
      </object_component>
      <object_component id="oc-386">
         <name>.text:prvInitialiseTCBVariables</name>
         <load_address>0x28aa</load_address>
         <run_address>0x28aa</run_address>
         <size>0x54</size>
         <input_file_ref idref="fl-a"/>
      </object_component>
      <object_component id="oc-206">
         <name>.text:xTaskCheckForTimeOut</name>
         <load_address>0x2900</load_address>
         <run_address>0x2900</run_address>
         <size>0x54</size>
         <input_file_ref idref="fl-a"/>
      </object_component>
      <object_component id="oc-24">
         <name>.text</name>
         <load_address>0x2954</load_address>
         <run_address>0x2954</run_address>
         <size>0x50</size>
         <input_file_ref idref="fl-136"/>
      </object_component>
      <object_component id="oc-146">
         <name>.text:MotorForward</name>
         <load_address>0x29a4</load_address>
         <run_address>0x29a4</run_address>
         <size>0x4c</size>
         <input_file_ref idref="fl-2"/>
      </object_component>
      <object_component id="oc-12e">
         <name>.text:UART0Config</name>
         <load_address>0x29f0</load_address>
         <run_address>0x29f0</run_address>
         <size>0x4c</size>
         <input_file_ref idref="fl-2"/>
      </object_component>
      <object_component id="oc-362">
         <name>.text:_TimerIntNumberGet</name>
         <load_address>0x2a3c</load_address>
         <run_address>0x2a3c</run_address>
         <size>0x4c</size>
         <input_file_ref idref="fl-149"/>
      </object_component>
      <object_component id="oc-329">
         <name>.text:prvAddCurrentTaskToDelayedList</name>
         <load_address>0x2a88</load_address>
         <run_address>0x2a88</run_address>
         <size>0x4c</size>
         <input_file_ref idref="fl-a"/>
      </object_component>
      <object_component id="oc-c9">
         <name>.text</name>
         <load_address>0x2ad4</load_address>
         <run_address>0x2ad4</run_address>
         <size>0x4c</size>
         <input_file_ref idref="fl-144"/>
      </object_component>
      <object_component id="oc-1d1">
         <name>.text:GPIOPinConfigure</name>
         <load_address>0x2b20</load_address>
         <run_address>0x2b20</run_address>
         <size>0x48</size>
         <input_file_ref idref="fl-146"/>
      </object_component>
      <object_component id="oc-340">
         <name>.text:UARTwrite</name>
         <load_address>0x2b68</load_address>
         <run_address>0x2b68</run_address>
         <size>0x48</size>
         <input_file_ref idref="fl-e"/>
      </object_component>
      <object_component id="oc-29a">
         <name>.text:UARTConfigSetExpClk</name>
         <load_address>0x2bb0</load_address>
         <run_address>0x2bb0</run_address>
         <size>0x46</size>
         <input_file_ref idref="fl-14a"/>
      </object_component>
      <object_component id="oc-87">
         <name>.text</name>
         <load_address>0x2bf8</load_address>
         <run_address>0x2bf8</run_address>
         <size>0x44</size>
         <input_file_ref idref="fl-13a"/>
      </object_component>
      <object_component id="oc-451">
         <name>.text:vPortFree</name>
         <load_address>0x2c3c</load_address>
         <run_address>0x2c3c</run_address>
         <size>0x44</size>
         <input_file_ref idref="fl-d"/>
      </object_component>
      <object_component id="oc-2b2">
         <name>.text:UART1IntHandler</name>
         <load_address>0x2c80</load_address>
         <run_address>0x2c80</run_address>
         <size>0x40</size>
         <input_file_ref idref="fl-2"/>
      </object_component>
      <object_component id="oc-3d1">
         <name>.text:_UARTIntNumberGet</name>
         <load_address>0x2cc0</load_address>
         <run_address>0x2cc0</run_address>
         <size>0x40</size>
         <input_file_ref idref="fl-14a"/>
      </object_component>
      <object_component id="oc-346">
         <name>.text</name>
         <load_address>0x2d00</load_address>
         <run_address>0x2d00</run_address>
         <size>0x40</size>
         <input_file_ref idref="fl-140"/>
      </object_component>
      <object_component id="oc-2bf">
         <name>.text:xPortStartScheduler</name>
         <load_address>0x2d40</load_address>
         <run_address>0x2d40</run_address>
         <size>0x40</size>
         <input_file_ref idref="fl-b"/>
      </object_component>
      <object_component id="oc-1c0">
         <name>.text:xQueueGenericCreate</name>
         <load_address>0x2d80</load_address>
         <run_address>0x2d80</run_address>
         <size>0x3c</size>
         <input_file_ref idref="fl-9"/>
      </object_component>
      <object_component id="oc-380">
         <name>.text:prvAllocateTCBAndStack</name>
         <load_address>0x2dbc</load_address>
         <run_address>0x2dbc</run_address>
         <size>0x3a</size>
         <input_file_ref idref="fl-a"/>
      </object_component>
      <object_component id="oc-323">
         <name>.text:vListInsert</name>
         <load_address>0x2df6</load_address>
         <run_address>0x2df6</run_address>
         <size>0x38</size>
         <input_file_ref idref="fl-8"/>
      </object_component>
      <object_component id="oc-368">
         <name>.text:IntRegister</name>
         <load_address>0x2e30</load_address>
         <run_address>0x2e30</run_address>
         <size>0x34</size>
         <input_file_ref idref="fl-147"/>
      </object_component>
      <object_component id="oc-1cb">
         <name>.text:SysCtlPeripheralEnable</name>
         <load_address>0x2e64</load_address>
         <run_address>0x2e64</run_address>
         <size>0x34</size>
         <input_file_ref idref="fl-148"/>
      </object_component>
      <object_component id="oc-407">
         <name>.text:prvHeapInit</name>
         <load_address>0x2e98</load_address>
         <run_address>0x2e98</run_address>
         <size>0x30</size>
         <input_file_ref idref="fl-d"/>
      </object_component>
      <object_component id="oc-140">
         <name>.text:MotorStop</name>
         <load_address>0x2ec8</load_address>
         <run_address>0x2ec8</run_address>
         <size>0x2c</size>
         <input_file_ref idref="fl-2"/>
      </object_component>
      <object_component id="oc-47">
         <name>.text:xPortSysTickHandler</name>
         <load_address>0x2ef4</load_address>
         <run_address>0x2ef4</run_address>
         <size>0x2c</size>
         <input_file_ref idref="fl-b"/>
      </object_component>
      <object_component id="oc-2f8">
         <name>.text:GPIODirModeSet</name>
         <load_address>0x2f20</load_address>
         <run_address>0x2f20</run_address>
         <size>0x2a</size>
         <input_file_ref idref="fl-146"/>
      </object_component>
      <object_component id="oc-fa">
         <name>.text:prvResetNextTaskUnblockTime</name>
         <load_address>0x2f4c</load_address>
         <run_address>0x2f4c</run_address>
         <size>0x28</size>
         <input_file_ref idref="fl-a"/>
      </object_component>
      <object_component id="oc-38c">
         <name>.text:pxPortInitialiseStack</name>
         <load_address>0x2f74</load_address>
         <run_address>0x2f74</run_address>
         <size>0x28</size>
         <input_file_ref idref="fl-b"/>
      </object_component>
      <object_component id="oc-477">
         <name>.text:prvCopyDataFromQueue</name>
         <load_address>0x2f9c</load_address>
         <run_address>0x2f9c</run_address>
         <size>0x26</size>
         <input_file_ref idref="fl-9"/>
      </object_component>
      <object_component id="oc-3c8">
         <name>.text:UARTDisable</name>
         <load_address>0x2fc4</load_address>
         <run_address>0x2fc4</run_address>
         <size>0x20</size>
         <input_file_ref idref="fl-14a"/>
      </object_component>
      <object_component id="oc-100">
         <name>.text:uxListRemove</name>
         <load_address>0x2fe4</load_address>
         <run_address>0x2fe4</run_address>
         <size>0x20</size>
         <input_file_ref idref="fl-8"/>
      </object_component>
      <object_component id="oc-399">
         <name>.text:InitServiceData</name>
         <load_address>0x3004</load_address>
         <run_address>0x3004</run_address>
         <size>0x1e</size>
         <input_file_ref idref="fl-2"/>
      </object_component>
      <object_component id="oc-218">
         <name>.text:prvIsQueueFull</name>
         <load_address>0x3022</load_address>
         <run_address>0x3022</run_address>
         <size>0x1c</size>
         <input_file_ref idref="fl-9"/>
      </object_component>
      <object_component id="oc-200">
         <name>.text:vPortEnterCritical</name>
         <load_address>0x3040</load_address>
         <run_address>0x3040</run_address>
         <size>0x1c</size>
         <input_file_ref idref="fl-b"/>
      </object_component>
      <object_component id="oc-152">
         <name>.text:UARTprintf</name>
         <load_address>0x305c</load_address>
         <run_address>0x305c</run_address>
         <size>0x1a</size>
         <input_file_ref idref="fl-e"/>
      </object_component>
      <object_component id="oc-46b">
         <name>.text:prvIsQueueEmpty</name>
         <load_address>0x3076</load_address>
         <run_address>0x3076</run_address>
         <size>0x1a</size>
         <input_file_ref idref="fl-9"/>
      </object_component>
      <object_component id="oc-3bb">
         <name>.text:GPIOPinTypeGPIOOutput</name>
         <load_address>0x3090</load_address>
         <run_address>0x3090</run_address>
         <size>0x18</size>
         <input_file_ref idref="fl-146"/>
      </object_component>
      <object_component id="oc-268">
         <name>.text:TimerIntRegister</name>
         <load_address>0x30a8</load_address>
         <run_address>0x30a8</run_address>
         <size>0x18</size>
         <input_file_ref idref="fl-149"/>
      </object_component>
      <object_component id="oc-2ac">
         <name>.text:UARTIntRegister</name>
         <load_address>0x30c0</load_address>
         <run_address>0x30c0</run_address>
         <size>0x18</size>
         <input_file_ref idref="fl-14a"/>
      </object_component>
      <object_component id="oc-47d">
         <name>.text:pvTaskIncrementMutexHeldCount</name>
         <load_address>0x30d8</load_address>
         <run_address>0x30d8</run_address>
         <size>0x18</size>
         <input_file_ref idref="fl-a"/>
      </object_component>
      <object_component id="oc-81">
         <name>.text</name>
         <load_address>0x30f0</load_address>
         <run_address>0x30f0</run_address>
         <size>0x18</size>
         <input_file_ref idref="fl-142"/>
      </object_component>
      <object_component id="oc-106">
         <name>.text:vListInsertEnd</name>
         <load_address>0x3108</load_address>
         <run_address>0x3108</run_address>
         <size>0x18</size>
         <input_file_ref idref="fl-8"/>
      </object_component>
      <object_component id="oc-1f4">
         <name>.text:vPortExitCritical</name>
         <load_address>0x3120</load_address>
         <run_address>0x3120</run_address>
         <size>0x18</size>
         <input_file_ref idref="fl-b"/>
      </object_component>
      <object_component id="oc-1ee">
         <name>.text:vTaskSetTimeOutState</name>
         <load_address>0x3138</load_address>
         <run_address>0x3138</run_address>
         <size>0x18</size>
         <input_file_ref idref="fl-a"/>
      </object_component>
      <object_component id="oc-415">
         <name>.text:vListInitialise</name>
         <load_address>0x3150</load_address>
         <run_address>0x3150</run_address>
         <size>0x16</size>
         <input_file_ref idref="fl-8"/>
      </object_component>
      <object_component id="oc-2a6">
         <name>.text:UARTEnable</name>
         <load_address>0x3166</load_address>
         <run_address>0x3166</run_address>
         <size>0x14</size>
         <input_file_ref idref="fl-14a"/>
      </object_component>
      <object_component id="oc-17b">
         <name>.text</name>
         <load_address>0x317c</load_address>
         <run_address>0x317c</run_address>
         <size>0x14</size>
         <input_file_ref idref="fl-141"/>
      </object_component>
      <object_component id="oc-3f2">
         <name>.text:vPortSetupTimerInterrupt</name>
         <load_address>0x3190</load_address>
         <run_address>0x3190</run_address>
         <size>0x14</size>
         <input_file_ref idref="fl-b"/>
      </object_component>
      <object_component id="oc-3ab">
         <name>.text:DeinitServiceData</name>
         <load_address>0x31a4</load_address>
         <run_address>0x31a4</run_address>
         <size>0x12</size>
         <input_file_ref idref="fl-2"/>
      </object_component>
      <object_component id="oc-1d7">
         <name>.text:GPIOPinTypeUART</name>
         <load_address>0x31b6</load_address>
         <run_address>0x31b6</run_address>
         <size>0x12</size>
         <input_file_ref idref="fl-146"/>
      </object_component>
      <object_component id="oc-256">
         <name>.text:TimerLoadSet</name>
         <load_address>0x31c8</load_address>
         <run_address>0x31c8</run_address>
         <size>0x12</size>
         <input_file_ref idref="fl-149"/>
      </object_component>
      <object_component id="oc-496">
         <name>.text:prvDeleteTCB</name>
         <load_address>0x31da</load_address>
         <run_address>0x31da</run_address>
         <size>0x12</size>
         <input_file_ref idref="fl-a"/>
      </object_component>
      <object_component id="oc-244">
         <name>.text:IntMasterEnable</name>
         <load_address>0x31ec</load_address>
         <run_address>0x31ec</run_address>
         <size>0x10</size>
         <input_file_ref idref="fl-147"/>
      </object_component>
      <object_component id="oc-45f">
         <name>.text:prvTaskExitError</name>
         <load_address>0x31fc</load_address>
         <run_address>0x31fc</run_address>
         <size>0x10</size>
         <input_file_ref idref="fl-b"/>
      </object_component>
      <object_component id="oc-1fa">
         <name>.text:vTaskSuspendAll</name>
         <load_address>0x320c</load_address>
         <run_address>0x320c</run_address>
         <size>0x10</size>
         <input_file_ref idref="fl-a"/>
      </object_component>
      <object_component id="oc-26e">
         <name>.text:TimerEnable</name>
         <load_address>0x321c</load_address>
         <run_address>0x321c</run_address>
         <size>0xe</size>
         <input_file_ref idref="fl-149"/>
      </object_component>
      <object_component id="oc-3ea">
         <name>.text:UARTCharsAvail</name>
         <load_address>0x322a</load_address>
         <run_address>0x322a</run_address>
         <size>0xe</size>
         <input_file_ref idref="fl-14a"/>
      </object_component>
      <object_component id="oc-12">
         <name>.text:decompress:none</name>
         <load_address>0x3238</load_address>
         <run_address>0x3238</run_address>
         <size>0xe</size>
         <input_file_ref idref="fl-137"/>
      </object_component>
      <object_component id="oc-34e">
         <name>.text:CPUcpsie</name>
         <load_address>0x3246</load_address>
         <run_address>0x3246</run_address>
         <size>0xc</size>
         <input_file_ref idref="fl-14b"/>
      </object_component>
      <object_component id="oc-122">
         <name>.text:SystemConfig</name>
         <load_address>0x3254</load_address>
         <run_address>0x3254</run_address>
         <size>0xc</size>
         <input_file_ref idref="fl-2"/>
      </object_component>
      <object_component id="oc-1e">
         <name>.text:decompress:ZI</name>
         <load_address>0x3260</load_address>
         <run_address>0x3260</run_address>
         <size>0xc</size>
         <input_file_ref idref="fl-139"/>
      </object_component>
      <object_component id="oc-319">
         <name>.text:vTaskMissedYield</name>
         <load_address>0x326c</load_address>
         <run_address>0x326c</run_address>
         <size>0xc</size>
         <input_file_ref idref="fl-a"/>
      </object_component>
      <object_component id="oc-3a5">
         <name>.text:xTaskGetTickCount</name>
         <load_address>0x3278</load_address>
         <run_address>0x3278</run_address>
         <size>0xc</size>
         <input_file_ref idref="fl-a"/>
      </object_component>
      <object_component id="oc-3e4">
         <name>.text:UARTCharGet</name>
         <load_address>0x3284</load_address>
         <run_address>0x3284</run_address>
         <size>0xa</size>
         <input_file_ref idref="fl-14a"/>
      </object_component>
      <object_component id="oc-3d8">
         <name>.text:UARTIntStatus</name>
         <load_address>0x328e</load_address>
         <run_address>0x328e</run_address>
         <size>0xa</size>
         <input_file_ref idref="fl-14a"/>
      </object_component>
      <object_component id="oc-262">
         <name>.text:TimerIntEnable</name>
         <load_address>0x3298</load_address>
         <run_address>0x3298</run_address>
         <size>0x8</size>
         <input_file_ref idref="fl-149"/>
      </object_component>
      <object_component id="oc-2a0">
         <name>.text:UARTIntEnable</name>
         <load_address>0x32a0</load_address>
         <run_address>0x32a0</run_address>
         <size>0x8</size>
         <input_file_ref idref="fl-14a"/>
      </object_component>
      <object_component id="oc-2c5">
         <name>.text:prvIdleTask</name>
         <load_address>0x32a8</load_address>
         <run_address>0x32a8</run_address>
         <size>0x8</size>
         <input_file_ref idref="fl-a"/>
      </object_component>
      <object_component id="oc-3c1">
         <name>.text:GPIOPinWrite</name>
         <load_address>0x32b0</load_address>
         <run_address>0x32b0</run_address>
         <size>0x6</size>
         <input_file_ref idref="fl-146"/>
      </object_component>
      <object_component id="oc-2a">
         <name>.text:ResetISR</name>
         <load_address>0x32b6</load_address>
         <run_address>0x32b6</run_address>
         <size>0x6</size>
         <input_file_ref idref="fl-4"/>
      </object_component>
      <object_component id="oc-2e2">
         <name>.text:SysCtlDelay</name>
         <load_address>0x32bc</load_address>
         <run_address>0x32bc</run_address>
         <size>0x6</size>
         <input_file_ref idref="fl-148"/>
      </object_component>
      <object_component id="oc-1dd">
         <name>.text:UARTClockSourceSet</name>
         <load_address>0x32c2</load_address>
         <run_address>0x32c2</run_address>
         <size>0x6</size>
         <input_file_ref idref="fl-14a"/>
      </object_component>
      <object_component id="oc-18">
         <name>.text:decompress:rle24</name>
         <load_address>0x32c8</load_address>
         <run_address>0x32c8</run_address>
         <size>0x6</size>
         <input_file_ref idref="fl-138"/>
      </object_component>
      <object_component id="oc-458">
         <name>.text:vListInitialiseItem</name>
         <load_address>0x32ce</load_address>
         <run_address>0x32ce</run_address>
         <size>0x6</size>
         <input_file_ref idref="fl-8"/>
      </object_component>
      <object_component id="oc-370">
         <name>.text:TimerIntClear</name>
         <load_address>0x32d4</load_address>
         <run_address>0x32d4</run_address>
         <size>0x4</size>
         <input_file_ref idref="fl-149"/>
      </object_component>
      <object_component id="oc-3de">
         <name>.text:UARTIntClear</name>
         <load_address>0x32d8</load_address>
         <run_address>0x32d8</run_address>
         <size>0x4</size>
         <input_file_ref idref="fl-14a"/>
      </object_component>
      <object_component id="oc-75">
         <name>.text</name>
         <load_address>0x32dc</load_address>
         <run_address>0x32dc</run_address>
         <size>0x4</size>
         <input_file_ref idref="fl-13e"/>
      </object_component>
      <object_component id="oc-2f3">
         <name>.const:g_pui32GPIOBaseAddrs</name>
         <load_address>0x32e0</load_address>
         <run_address>0x32e0</run_address>
         <size>0x90</size>
         <input_file_ref idref="fl-146"/>
      </object_component>
      <object_component id="oc-35c">
         <name>.const</name>
         <load_address>0x3370</load_address>
         <run_address>0x3370</run_address>
         <size>0x70</size>
         <input_file_ref idref="fl-147"/>
      </object_component>
      <object_component id="oc-357">
         <name>.const:g_pui32Xtals</name>
         <load_address>0x33e0</load_address>
         <run_address>0x33e0</run_address>
         <size>0x6c</size>
         <input_file_ref idref="fl-148"/>
      </object_component>
      <object_component id="oc-442">
         <name>.const:g_ppui32TimerIntMap</name>
         <load_address>0x344c</load_address>
         <run_address>0x344c</run_address>
         <size>0x60</size>
         <input_file_ref idref="fl-149"/>
      </object_component>
      <object_component id="oc-445">
         <name>.const:g_ppui32TimerIntMapSnowflake</name>
         <load_address>0x34ac</load_address>
         <run_address>0x34ac</run_address>
         <size>0x40</size>
         <input_file_ref idref="fl-149"/>
      </object_component>
      <object_component id="oc-48a">
         <name>.const:g_ppui32UARTIntMap</name>
         <load_address>0x34ec</load_address>
         <run_address>0x34ec</run_address>
         <size>0x40</size>
         <input_file_ref idref="fl-14a"/>
      </object_component>
      <object_component id="oc-48d">
         <name>.const:g_ppui32UARTIntMapSnowflake</name>
         <load_address>0x352c</load_address>
         <run_address>0x352c</run_address>
         <size>0x40</size>
         <input_file_ref idref="fl-14a"/>
      </object_component>
      <object_component id="oc-307">
         <name>.const</name>
         <load_address>0x356c</load_address>
         <run_address>0x356c</run_address>
         <size>0x1c</size>
         <input_file_ref idref="fl-e"/>
      </object_component>
      <object_component id="oc-424">
         <name>.const:.string</name>
         <load_address>0x3588</load_address>
         <run_address>0x3588</run_address>
         <size>0x12</size>
         <input_file_ref idref="fl-e"/>
      </object_component>
      <object_component id="oc-98">
         <name>.const</name>
         <load_address>0x359c</load_address>
         <run_address>0x359c</run_address>
         <size>0x4</size>
         <input_file_ref idref="fl-b"/>
      </object_component>
      <object_component id="oc-4e4">
         <name>.cinit..data.load</name>
         <load_address>0x35a0</load_address>
         <run_address>0x35a0</run_address>
         <size>0x2b</size>
      </object_component>
      <object_component id="oc-4e1">
         <name>__TI_handler_table</name>
         <load_address>0x35cc</load_address>
         <run_address>0x35cc</run_address>
         <size>0xc</size>
      </object_component>
      <object_component id="oc-4e5">
         <name>.cinit..bss.load</name>
         <load_address>0x35d8</load_address>
         <run_address>0x35d8</run_address>
         <size>0x8</size>
      </object_component>
      <object_component id="oc-4e3">
         <name>.cinit..vtable.load</name>
         <load_address>0x35e0</load_address>
         <run_address>0x35e0</run_address>
         <size>0x8</size>
      </object_component>
      <object_component id="oc-4e2">
         <name>__TI_cinit_table</name>
         <load_address>0x35e8</load_address>
         <run_address>0x35e8</run_address>
         <size>0x18</size>
      </object_component>
      <object_component id="oc-449">
         <name>.vtable</name>
         <uninitialized>true</uninitialized>
         <run_address>0x20000000</run_address>
         <size>0x26c</size>
         <input_file_ref idref="fl-147"/>
      </object_component>
      <object_component id="oc-29">
         <name>.stack</name>
         <uninitialized>true</uninitialized>
         <run_address>0x20007970</run_address>
         <size>0x0</size>
         <input_file_ref idref="fl-136"/>
      </object_component>
      <object_component id="oc-4e6">
         <name>.stack</name>
         <uninitialized>true</uninitialized>
         <run_address>0x20007970</run_address>
         <size>0x0</size>
      </object_component>
      <object_component id="oc-f6">
         <name>.bss:pxReadyTasksLists</name>
         <uninitialized>true</uninitialized>
         <run_address>0x2000779c</run_address>
         <size>0x140</size>
         <input_file_ref idref="fl-a"/>
      </object_component>
      <object_component id="oc-49d">
         <name>.bss:ucHeap</name>
         <uninitialized>true</uninitialized>
         <run_address>0x2000026c</run_address>
         <size>0x7530</size>
         <input_file_ref idref="fl-d"/>
      </object_component>
      <object_component id="oc-1c6">
         <name>.common:semaphore1</name>
         <uninitialized>true</uninitialized>
         <run_address>0x20007958</run_address>
         <size>0x4</size>
      </object_component>
      <object_component id="oc-1c7">
         <name>.common:semaphore2</name>
         <uninitialized>true</uninitialized>
         <run_address>0x2000795c</run_address>
         <size>0x4</size>
      </object_component>
      <object_component id="oc-1c8">
         <name>.common:semaphore3</name>
         <uninitialized>true</uninitialized>
         <run_address>0x20007960</run_address>
         <size>0x4</size>
      </object_component>
      <object_component id="oc-1c9">
         <name>.common:semaphore4</name>
         <uninitialized>true</uninitialized>
         <run_address>0x20007964</run_address>
         <size>0x4</size>
      </object_component>
      <object_component id="oc-170">
         <name>.common:semaphoreUART</name>
         <uninitialized>true</uninitialized>
         <run_address>0x20007968</run_address>
         <size>0x4</size>
      </object_component>
      <object_component id="oc-3b7">
         <name>.common:lastReceivedByte</name>
         <uninitialized>true</uninitialized>
         <run_address>0x2000796c</run_address>
         <size>0x1</size>
      </object_component>
      <object_component id="oc-466">
         <name>.common:xDelayedTaskList1</name>
         <uninitialized>true</uninitialized>
         <run_address>0x200078dc</run_address>
         <size>0x14</size>
      </object_component>
      <object_component id="oc-467">
         <name>.common:xDelayedTaskList2</name>
         <uninitialized>true</uninitialized>
         <run_address>0x200078f0</run_address>
         <size>0x14</size>
      </object_component>
      <object_component id="oc-10c">
         <name>.common:pxDelayedTaskList</name>
         <uninitialized>true</uninitialized>
         <run_address>0x20007950</run_address>
         <size>0x4</size>
      </object_component>
      <object_component id="oc-10d">
         <name>.common:pxOverflowDelayedTaskList</name>
         <uninitialized>true</uninitialized>
         <run_address>0x20007954</run_address>
         <size>0x4</size>
      </object_component>
      <object_component id="oc-320">
         <name>.common:xPendingReadyList</name>
         <uninitialized>true</uninitialized>
         <run_address>0x20007904</run_address>
         <size>0x14</size>
      </object_component>
      <object_component id="oc-468">
         <name>.common:xTasksWaitingTermination</name>
         <uninitialized>true</uninitialized>
         <run_address>0x2000792c</run_address>
         <size>0x14</size>
      </object_component>
      <object_component id="oc-32f">
         <name>.common:xSuspendedTaskList</name>
         <uninitialized>true</uninitialized>
         <run_address>0x20007918</run_address>
         <size>0x14</size>
      </object_component>
      <object_component id="oc-410">
         <name>.common:xStart</name>
         <uninitialized>true</uninitialized>
         <run_address>0x20007948</run_address>
         <size>0x8</size>
      </object_component>
      <object_component id="oc-413">
         <name>.common:xEnd</name>
         <uninitialized>true</uninitialized>
         <run_address>0x20007940</run_address>
         <size>0x8</size>
      </object_component>
      <object_component id="oc-37c">
         <name>.data</name>
         <load_address>0x20007b70</load_address>
         <run_address>0x20007b70</run_address>
         <size>0x70</size>
         <input_file_ref idref="fl-2"/>
      </object_component>
      <object_component id="oc-95">
         <name>.data</name>
         <load_address>0x20007be0</load_address>
         <run_address>0x20007be0</run_address>
         <size>0x30</size>
         <input_file_ref idref="fl-a"/>
      </object_component>
      <object_component id="oc-312">
         <name>.data</name>
         <load_address>0x20007c30</load_address>
         <run_address>0x20007c30</run_address>
         <size>0x4</size>
         <input_file_ref idref="fl-b"/>
      </object_component>
      <object_component id="oc-40d">
         <name>.data</name>
         <load_address>0x20007c10</load_address>
         <run_address>0x20007c10</run_address>
         <size>0x8</size>
         <input_file_ref idref="fl-d"/>
      </object_component>
      <object_component id="oc-30a">
         <name>.data</name>
         <load_address>0x20007c28</load_address>
         <run_address>0x20007c28</run_address>
         <size>0x5</size>
         <input_file_ref idref="fl-e"/>
      </object_component>
      <object_component id="oc-dc">
         <name>.data</name>
         <load_address>0x20007c20</load_address>
         <run_address>0x20007c20</run_address>
         <size>0x8</size>
         <input_file_ref idref="fl-13a"/>
      </object_component>
      <object_component id="oc-8d">
         <name>.data</name>
         <load_address>0x20007c34</load_address>
         <run_address>0x20007c34</run_address>
         <size>0x4</size>
         <input_file_ref idref="fl-13f"/>
      </object_component>
      <object_component id="oc-d9">
         <name>.data</name>
         <load_address>0x20007c18</load_address>
         <run_address>0x20007c18</run_address>
         <size>0x8</size>
         <input_file_ref idref="fl-141"/>
      </object_component>
      <object_component id="oc-171">
         <name>.debug_info</name>
         <load_address>0x0</load_address>
         <run_address>0x0</run_address>
         <size>0xab1</size>
         <input_file_ref idref="fl-2"/>
      </object_component>
      <object_component id="oc-37d">
         <name>.debug_info</name>
         <load_address>0xab1</load_address>
         <run_address>0xab1</run_address>
         <size>0x390</size>
         <input_file_ref idref="fl-2"/>
      </object_component>
      <object_component id="oc-f2">
         <name>.debug_info</name>
         <load_address>0xe41</load_address>
         <run_address>0xe41</run_address>
         <size>0x18e</size>
         <input_file_ref idref="fl-2"/>
      </object_component>
      <object_component id="oc-124">
         <name>.debug_info</name>
         <load_address>0xfcf</load_address>
         <run_address>0xfcf</run_address>
         <size>0x153</size>
         <input_file_ref idref="fl-2"/>
      </object_component>
      <object_component id="oc-12a">
         <name>.debug_info</name>
         <load_address>0x1122</load_address>
         <run_address>0x1122</run_address>
         <size>0x222</size>
         <input_file_ref idref="fl-2"/>
      </object_component>
      <object_component id="oc-130">
         <name>.debug_info</name>
         <load_address>0x1344</load_address>
         <run_address>0x1344</run_address>
         <size>0x1ee</size>
         <input_file_ref idref="fl-2"/>
      </object_component>
      <object_component id="oc-2ba">
         <name>.debug_info</name>
         <load_address>0x1532</load_address>
         <run_address>0x1532</run_address>
         <size>0x149</size>
         <input_file_ref idref="fl-2"/>
      </object_component>
      <object_component id="oc-2b4">
         <name>.debug_info</name>
         <load_address>0x167b</load_address>
         <run_address>0x167b</run_address>
         <size>0x1b4</size>
         <input_file_ref idref="fl-2"/>
      </object_component>
      <object_component id="oc-39a">
         <name>.debug_info</name>
         <load_address>0x182f</load_address>
         <run_address>0x182f</run_address>
         <size>0x1f0</size>
         <input_file_ref idref="fl-2"/>
      </object_component>
      <object_component id="oc-3ac">
         <name>.debug_info</name>
         <load_address>0x1a1f</load_address>
         <run_address>0x1a1f</run_address>
         <size>0x1a8</size>
         <input_file_ref idref="fl-2"/>
      </object_component>
      <object_component id="oc-294">
         <name>.debug_info</name>
         <load_address>0x1bc7</load_address>
         <run_address>0x1bc7</run_address>
         <size>0x39e</size>
         <input_file_ref idref="fl-2"/>
      </object_component>
      <object_component id="oc-282">
         <name>.debug_info</name>
         <load_address>0x1f65</load_address>
         <run_address>0x1f65</run_address>
         <size>0x35a</size>
         <input_file_ref idref="fl-2"/>
      </object_component>
      <object_component id="oc-275">
         <name>.debug_info</name>
         <load_address>0x22bf</load_address>
         <run_address>0x22bf</run_address>
         <size>0x2b9</size>
         <input_file_ref idref="fl-2"/>
      </object_component>
      <object_component id="oc-141">
         <name>.debug_info</name>
         <load_address>0x2578</load_address>
         <run_address>0x2578</run_address>
         <size>0x14b</size>
         <input_file_ref idref="fl-2"/>
      </object_component>
      <object_component id="oc-288">
         <name>.debug_info</name>
         <load_address>0x26c3</load_address>
         <run_address>0x26c3</run_address>
         <size>0x359</size>
         <input_file_ref idref="fl-2"/>
      </object_component>
      <object_component id="oc-147">
         <name>.debug_info</name>
         <load_address>0x2a1c</load_address>
         <run_address>0x2a1c</run_address>
         <size>0x15f</size>
         <input_file_ref idref="fl-2"/>
      </object_component>
      <object_component id="oc-28e">
         <name>.debug_info</name>
         <load_address>0x2b7b</load_address>
         <run_address>0x2b7b</run_address>
         <size>0x359</size>
         <input_file_ref idref="fl-2"/>
      </object_component>
      <object_component id="oc-135">
         <name>.debug_info</name>
         <load_address>0x2ed4</load_address>
         <run_address>0x2ed4</run_address>
         <size>0x1fe</size>
         <input_file_ref idref="fl-2"/>
      </object_component>
      <object_component id="oc-13b">
         <name>.debug_info</name>
         <load_address>0x30d2</load_address>
         <run_address>0x30d2</run_address>
         <size>0x179</size>
         <input_file_ref idref="fl-2"/>
      </object_component>
      <object_component id="oc-159">
         <name>.debug_info</name>
         <load_address>0x324b</load_address>
         <run_address>0x324b</run_address>
         <size>0x21a</size>
         <input_file_ref idref="fl-2"/>
      </object_component>
      <object_component id="oc-15f">
         <name>.debug_info</name>
         <load_address>0x3465</load_address>
         <run_address>0x3465</run_address>
         <size>0x1e7</size>
         <input_file_ref idref="fl-2"/>
      </object_component>
      <object_component id="oc-165">
         <name>.debug_info</name>
         <load_address>0x364c</load_address>
         <run_address>0x364c</run_address>
         <size>0x2ff</size>
         <input_file_ref idref="fl-2"/>
      </object_component>
      <object_component id="oc-d2">
         <name>.debug_info</name>
         <load_address>0x394b</load_address>
         <run_address>0x394b</run_address>
         <size>0x25f</size>
         <input_file_ref idref="fl-2"/>
      </object_component>
      <object_component id="oc-190">
         <name>.debug_info</name>
         <load_address>0x3baa</load_address>
         <run_address>0x3baa</run_address>
         <size>0x2ef</size>
         <input_file_ref idref="fl-2"/>
      </object_component>
      <object_component id="oc-2ce">
         <name>.debug_info</name>
         <load_address>0x3e99</load_address>
         <run_address>0x3e99</run_address>
         <size>0x94</size>
         <input_file_ref idref="fl-2"/>
      </object_component>
      <object_component id="oc-10f">
         <name>.debug_info</name>
         <load_address>0x3f2d</load_address>
         <run_address>0x3f2d</run_address>
         <size>0x8b</size>
         <input_file_ref idref="fl-2"/>
      </object_component>
      <object_component id="oc-231">
         <name>.debug_info</name>
         <load_address>0x3fb8</load_address>
         <run_address>0x3fb8</run_address>
         <size>0x46</size>
         <input_file_ref idref="fl-2"/>
      </object_component>
      <object_component id="oc-2d3">
         <name>.debug_info</name>
         <load_address>0x3ffe</load_address>
         <run_address>0x3ffe</run_address>
         <size>0x2c</size>
         <input_file_ref idref="fl-2"/>
      </object_component>
      <object_component id="oc-19a">
         <name>.debug_info</name>
         <load_address>0x402a</load_address>
         <run_address>0x402a</run_address>
         <size>0x46</size>
         <input_file_ref idref="fl-2"/>
      </object_component>
      <object_component id="oc-195">
         <name>.debug_info</name>
         <load_address>0x4070</load_address>
         <run_address>0x4070</run_address>
         <size>0x2c</size>
         <input_file_ref idref="fl-2"/>
      </object_component>
      <object_component id="oc-b0">
         <name>.debug_info</name>
         <load_address>0x409c</load_address>
         <run_address>0x409c</run_address>
         <size>0x18b</size>
         <input_file_ref idref="fl-2"/>
      </object_component>
      <object_component id="oc-2d8">
         <name>.debug_info</name>
         <load_address>0x4227</load_address>
         <run_address>0x4227</run_address>
         <size>0x46</size>
         <input_file_ref idref="fl-2"/>
      </object_component>
      <object_component id="oc-e8">
         <name>.debug_info</name>
         <load_address>0x426d</load_address>
         <run_address>0x426d</run_address>
         <size>0x53</size>
         <input_file_ref idref="fl-2"/>
      </object_component>
      <object_component id="oc-23f">
         <name>.debug_info</name>
         <load_address>0x42c0</load_address>
         <run_address>0x42c0</run_address>
         <size>0x4e</size>
         <input_file_ref idref="fl-2"/>
      </object_component>
      <object_component id="oc-19f">
         <name>.debug_info</name>
         <load_address>0x430e</load_address>
         <run_address>0x430e</run_address>
         <size>0x14c</size>
         <input_file_ref idref="fl-2"/>
      </object_component>
      <object_component id="oc-ab">
         <name>.debug_info</name>
         <load_address>0x445a</load_address>
         <run_address>0x445a</run_address>
         <size>0x84</size>
         <input_file_ref idref="fl-3"/>
      </object_component>
      <object_component id="oc-4f">
         <name>.debug_info</name>
         <load_address>0x44de</load_address>
         <run_address>0x44de</run_address>
         <size>0x19c</size>
         <input_file_ref idref="fl-4"/>
      </object_component>
      <object_component id="oc-10">
         <name>.debug_info</name>
         <load_address>0x467a</load_address>
         <run_address>0x467a</run_address>
         <size>0x101</size>
         <input_file_ref idref="fl-4"/>
      </object_component>
      <object_component id="oc-2b">
         <name>.debug_info</name>
         <load_address>0x477b</load_address>
         <run_address>0x477b</run_address>
         <size>0x131</size>
         <input_file_ref idref="fl-4"/>
      </object_component>
      <object_component id="oc-31">
         <name>.debug_info</name>
         <load_address>0x48ac</load_address>
         <run_address>0x48ac</run_address>
         <size>0x122</size>
         <input_file_ref idref="fl-4"/>
      </object_component>
      <object_component id="oc-3d">
         <name>.debug_info</name>
         <load_address>0x49ce</load_address>
         <run_address>0x49ce</run_address>
         <size>0x13a</size>
         <input_file_ref idref="fl-4"/>
      </object_component>
      <object_component id="oc-37">
         <name>.debug_info</name>
         <load_address>0x4b08</load_address>
         <run_address>0x4b08</run_address>
         <size>0x128</size>
         <input_file_ref idref="fl-4"/>
      </object_component>
      <object_component id="oc-1b0">
         <name>.debug_info</name>
         <load_address>0x4c30</load_address>
         <run_address>0x4c30</run_address>
         <size>0x17f</size>
         <input_file_ref idref="fl-8"/>
      </object_component>
      <object_component id="oc-107">
         <name>.debug_info</name>
         <load_address>0x4daf</load_address>
         <run_address>0x4daf</run_address>
         <size>0x260</size>
         <input_file_ref idref="fl-8"/>
      </object_component>
      <object_component id="oc-325">
         <name>.debug_info</name>
         <load_address>0x500f</load_address>
         <run_address>0x500f</run_address>
         <size>0x28b</size>
         <input_file_ref idref="fl-8"/>
      </object_component>
      <object_component id="oc-45a">
         <name>.debug_info</name>
         <load_address>0x529a</load_address>
         <run_address>0x529a</run_address>
         <size>0x20d</size>
         <input_file_ref idref="fl-8"/>
      </object_component>
      <object_component id="oc-416">
         <name>.debug_info</name>
         <load_address>0x54a7</load_address>
         <run_address>0x54a7</run_address>
         <size>0x205</size>
         <input_file_ref idref="fl-8"/>
      </object_component>
      <object_component id="oc-102">
         <name>.debug_info</name>
         <load_address>0x56ac</load_address>
         <run_address>0x56ac</run_address>
         <size>0x238</size>
         <input_file_ref idref="fl-8"/>
      </object_component>
      <object_component id="oc-1a4">
         <name>.debug_info</name>
         <load_address>0x58e4</load_address>
         <run_address>0x58e4</run_address>
         <size>0x110</size>
         <input_file_ref idref="fl-8"/>
      </object_component>
      <object_component id="oc-236">
         <name>.debug_info</name>
         <load_address>0x59f4</load_address>
         <run_address>0x59f4</run_address>
         <size>0x60f</size>
         <input_file_ref idref="fl-9"/>
      </object_component>
      <object_component id="oc-20d">
         <name>.debug_info</name>
         <load_address>0x6003</load_address>
         <run_address>0x6003</run_address>
         <size>0x2da</size>
         <input_file_ref idref="fl-9"/>
      </object_component>
      <object_component id="oc-46c">
         <name>.debug_info</name>
         <load_address>0x62dd</load_address>
         <run_address>0x62dd</run_address>
         <size>0x25a</size>
         <input_file_ref idref="fl-9"/>
      </object_component>
      <object_component id="oc-478">
         <name>.debug_info</name>
         <load_address>0x6537</load_address>
         <run_address>0x6537</run_address>
         <size>0x257</size>
         <input_file_ref idref="fl-9"/>
      </object_component>
      <object_component id="oc-3a0">
         <name>.debug_info</name>
         <load_address>0x678e</load_address>
         <run_address>0x678e</run_address>
         <size>0x583</size>
         <input_file_ref idref="fl-9"/>
      </object_component>
      <object_component id="oc-219">
         <name>.debug_info</name>
         <load_address>0x6d11</load_address>
         <run_address>0x6d11</run_address>
         <size>0x258</size>
         <input_file_ref idref="fl-9"/>
      </object_component>
      <object_component id="oc-225">
         <name>.debug_info</name>
         <load_address>0x6f69</load_address>
         <run_address>0x6f69</run_address>
         <size>0x2c0</size>
         <input_file_ref idref="fl-9"/>
      </object_component>
      <object_component id="oc-14d">
         <name>.debug_info</name>
         <load_address>0x7229</load_address>
         <run_address>0x7229</run_address>
         <size>0x4f3</size>
         <input_file_ref idref="fl-9"/>
      </object_component>
      <object_component id="oc-377">
         <name>.debug_info</name>
         <load_address>0x771c</load_address>
         <run_address>0x771c</run_address>
         <size>0x30b</size>
         <input_file_ref idref="fl-9"/>
      </object_component>
      <object_component id="oc-2ec">
         <name>.debug_info</name>
         <load_address>0x7a27</load_address>
         <run_address>0x7a27</run_address>
         <size>0x2de</size>
         <input_file_ref idref="fl-9"/>
      </object_component>
      <object_component id="oc-1c1">
         <name>.debug_info</name>
         <load_address>0x7d05</load_address>
         <run_address>0x7d05</run_address>
         <size>0x33c</size>
         <input_file_ref idref="fl-9"/>
      </object_component>
      <object_component id="oc-33b">
         <name>.debug_info</name>
         <load_address>0x8041</load_address>
         <run_address>0x8041</run_address>
         <size>0x1db</size>
         <input_file_ref idref="fl-9"/>
      </object_component>
      <object_component id="oc-e6">
         <name>.debug_info</name>
         <load_address>0x821c</load_address>
         <run_address>0x821c</run_address>
         <size>0x796</size>
         <input_file_ref idref="fl-a"/>
      </object_component>
      <object_component id="oc-96">
         <name>.debug_info</name>
         <load_address>0x89b2</load_address>
         <run_address>0x89b2</run_address>
         <size>0x343</size>
         <input_file_ref idref="fl-a"/>
      </object_component>
      <object_component id="oc-f7">
         <name>.debug_info</name>
         <load_address>0x8cf5</load_address>
         <run_address>0x8cf5</run_address>
         <size>0x13f</size>
         <input_file_ref idref="fl-a"/>
      </object_component>
      <object_component id="oc-fb">
         <name>.debug_info</name>
         <load_address>0x8e34</load_address>
         <run_address>0x8e34</run_address>
         <size>0x20b</size>
         <input_file_ref idref="fl-a"/>
      </object_component>
      <object_component id="oc-a3">
         <name>.debug_info</name>
         <load_address>0x903f</load_address>
         <run_address>0x903f</run_address>
         <size>0x2db</size>
         <input_file_ref idref="fl-a"/>
      </object_component>
      <object_component id="oc-213">
         <name>.debug_info</name>
         <load_address>0x931a</load_address>
         <run_address>0x931a</run_address>
         <size>0x2a3</size>
         <input_file_ref idref="fl-a"/>
      </object_component>
      <object_component id="oc-22b">
         <name>.debug_info</name>
         <load_address>0x95bd</load_address>
         <run_address>0x95bd</run_address>
         <size>0x2ac</size>
         <input_file_ref idref="fl-a"/>
      </object_component>
      <object_component id="oc-332">
         <name>.debug_info</name>
         <load_address>0x9869</load_address>
         <run_address>0x9869</run_address>
         <size>0x28d</size>
         <input_file_ref idref="fl-a"/>
      </object_component>
      <object_component id="oc-32a">
         <name>.debug_info</name>
         <load_address>0x9af6</load_address>
         <run_address>0x9af6</run_address>
         <size>0x266</size>
         <input_file_ref idref="fl-a"/>
      </object_component>
      <object_component id="oc-3a6">
         <name>.debug_info</name>
         <load_address>0x9d5c</load_address>
         <run_address>0x9d5c</run_address>
         <size>0x1fe</size>
         <input_file_ref idref="fl-a"/>
      </object_component>
      <object_component id="oc-381">
         <name>.debug_info</name>
         <load_address>0x9f5a</load_address>
         <run_address>0x9f5a</run_address>
         <size>0x2f1</size>
         <input_file_ref idref="fl-a"/>
      </object_component>
      <object_component id="oc-387">
         <name>.debug_info</name>
         <load_address>0xa24b</load_address>
         <run_address>0xa24b</run_address>
         <size>0x2ed</size>
         <input_file_ref idref="fl-a"/>
      </object_component>
      <object_component id="oc-393">
         <name>.debug_info</name>
         <load_address>0xa538</load_address>
         <run_address>0xa538</run_address>
         <size>0x272</size>
         <input_file_ref idref="fl-a"/>
      </object_component>
      <object_component id="oc-27c">
         <name>.debug_info</name>
         <load_address>0xa7aa</load_address>
         <run_address>0xa7aa</run_address>
         <size>0x4a9</size>
         <input_file_ref idref="fl-a"/>
      </object_component>
      <object_component id="oc-1ef">
         <name>.debug_info</name>
         <load_address>0xac53</load_address>
         <run_address>0xac53</run_address>
         <size>0x221</size>
         <input_file_ref idref="fl-a"/>
      </object_component>
      <object_component id="oc-207">
         <name>.debug_info</name>
         <load_address>0xae74</load_address>
         <run_address>0xae74</run_address>
         <size>0x2f5</size>
         <input_file_ref idref="fl-a"/>
      </object_component>
      <object_component id="oc-9c">
         <name>.debug_info</name>
         <load_address>0xb169</load_address>
         <run_address>0xb169</run_address>
         <size>0x26c</size>
         <input_file_ref idref="fl-a"/>
      </object_component>
      <object_component id="oc-1fb">
         <name>.debug_info</name>
         <load_address>0xb3d5</load_address>
         <run_address>0xb3d5</run_address>
         <size>0x1e1</size>
         <input_file_ref idref="fl-a"/>
      </object_component>
      <object_component id="oc-16b">
         <name>.debug_info</name>
         <load_address>0xb5b6</load_address>
         <run_address>0xb5b6</run_address>
         <size>0x21c</size>
         <input_file_ref idref="fl-a"/>
      </object_component>
      <object_component id="oc-472">
         <name>.debug_info</name>
         <load_address>0xb7d2</load_address>
         <run_address>0xb7d2</run_address>
         <size>0x272</size>
         <input_file_ref idref="fl-a"/>
      </object_component>
      <object_component id="oc-21f">
         <name>.debug_info</name>
         <load_address>0xba44</load_address>
         <run_address>0xba44</run_address>
         <size>0x2d2</size>
         <input_file_ref idref="fl-a"/>
      </object_component>
      <object_component id="oc-31a">
         <name>.debug_info</name>
         <load_address>0xbd16</load_address>
         <run_address>0xbd16</run_address>
         <size>0x1e3</size>
         <input_file_ref idref="fl-a"/>
      </object_component>
      <object_component id="oc-3b2">
         <name>.debug_info</name>
         <load_address>0xbef9</load_address>
         <run_address>0xbef9</run_address>
         <size>0x2f7</size>
         <input_file_ref idref="fl-a"/>
      </object_component>
      <object_component id="oc-47e">
         <name>.debug_info</name>
         <load_address>0xc1f0</load_address>
         <run_address>0xc1f0</run_address>
         <size>0x201</size>
         <input_file_ref idref="fl-a"/>
      </object_component>
      <object_component id="oc-497">
         <name>.debug_info</name>
         <load_address>0xc3f1</load_address>
         <run_address>0xc3f1</run_address>
         <size>0x220</size>
         <input_file_ref idref="fl-a"/>
      </object_component>
      <object_component id="oc-3fa">
         <name>.debug_info</name>
         <load_address>0xc611</load_address>
         <run_address>0xc611</run_address>
         <size>0x2b6</size>
         <input_file_ref idref="fl-a"/>
      </object_component>
      <object_component id="oc-2c6">
         <name>.debug_info</name>
         <load_address>0xc8c7</load_address>
         <run_address>0xc8c7</run_address>
         <size>0x219</size>
         <input_file_ref idref="fl-a"/>
      </object_component>
      <object_component id="oc-18b">
         <name>.debug_info</name>
         <load_address>0xcae0</load_address>
         <run_address>0xcae0</run_address>
         <size>0x177</size>
         <input_file_ref idref="fl-a"/>
      </object_component>
      <object_component id="oc-ef">
         <name>.debug_info</name>
         <load_address>0xcc57</load_address>
         <run_address>0xcc57</run_address>
         <size>0x25f</size>
         <input_file_ref idref="fl-b"/>
      </object_component>
      <object_component id="oc-99">
         <name>.debug_info</name>
         <load_address>0xceb6</load_address>
         <run_address>0xceb6</run_address>
         <size>0x16d</size>
         <input_file_ref idref="fl-b"/>
      </object_component>
      <object_component id="oc-313">
         <name>.debug_info</name>
         <load_address>0xd023</load_address>
         <run_address>0xd023</run_address>
         <size>0x154</size>
         <input_file_ref idref="fl-b"/>
      </object_component>
      <object_component id="oc-48">
         <name>.debug_info</name>
         <load_address>0xd177</load_address>
         <run_address>0xd177</run_address>
         <size>0x241</size>
         <input_file_ref idref="fl-b"/>
      </object_component>
      <object_component id="oc-3f4">
         <name>.debug_info</name>
         <load_address>0xd3b8</load_address>
         <run_address>0xd3b8</run_address>
         <size>0x232</size>
         <input_file_ref idref="fl-b"/>
      </object_component>
      <object_component id="oc-2c1">
         <name>.debug_info</name>
         <load_address>0xd5ea</load_address>
         <run_address>0xd5ea</run_address>
         <size>0x27a</size>
         <input_file_ref idref="fl-b"/>
      </object_component>
      <object_component id="oc-1f5">
         <name>.debug_info</name>
         <load_address>0xd864</load_address>
         <run_address>0xd864</run_address>
         <size>0x224</size>
         <input_file_ref idref="fl-b"/>
      </object_component>
      <object_component id="oc-201">
         <name>.debug_info</name>
         <load_address>0xda88</load_address>
         <run_address>0xda88</run_address>
         <size>0x226</size>
         <input_file_ref idref="fl-b"/>
      </object_component>
      <object_component id="oc-38d">
         <name>.debug_info</name>
         <load_address>0xdcae</load_address>
         <run_address>0xdcae</run_address>
         <size>0x2db</size>
         <input_file_ref idref="fl-b"/>
      </object_component>
      <object_component id="oc-460">
         <name>.debug_info</name>
         <load_address>0xdf89</load_address>
         <run_address>0xdf89</run_address>
         <size>0x214</size>
         <input_file_ref idref="fl-b"/>
      </object_component>
      <object_component id="oc-43">
         <name>.debug_info</name>
         <load_address>0xe19d</load_address>
         <run_address>0xe19d</run_address>
         <size>0x2a9</size>
         <input_file_ref idref="fl-c"/>
      </object_component>
      <object_component id="oc-411">
         <name>.debug_info</name>
         <load_address>0xe446</load_address>
         <run_address>0xe446</run_address>
         <size>0x261</size>
         <input_file_ref idref="fl-d"/>
      </object_component>
      <object_component id="oc-49e">
         <name>.debug_info</name>
         <load_address>0xe6a7</load_address>
         <run_address>0xe6a7</run_address>
         <size>0x13b</size>
         <input_file_ref idref="fl-d"/>
      </object_component>
      <object_component id="oc-40e">
         <name>.debug_info</name>
         <load_address>0xe7e2</load_address>
         <run_address>0xe7e2</run_address>
[...]
      <symbol id="sm-20b">
         <name>MotorStart</name>
         <value>0x2ec9</value>
         <object_component_ref idref="oc-140"/>
      </symbol>
      <symbol id="sm-20c">
         <name>idx</name>
         <value>0x20007bcc</value>
         <object_component_ref idref="oc-37c"/>
      </symbol>
      <symbol id="sm-20d">
         <name>serviceData2</name>
         <value>0x20007b9c</value>
         <object_component_ref idref="oc-37c"/>
      </symbol>
      <symbol id="sm-20e">
         <name>serviceData3</name>
         <value>0x20007bac</value>
         <object_component_ref idref="oc-37c"/>
      </symbol>
      <symbol id="sm-20f">
         <name>serviceData1</name>
         <value>0x20007b8c</value>
         <object_component_ref idref="oc-37c"/>
      </symbol>
      <symbol id="sm-210">
         <name>serviceData4</name>
         <value>0x20007bbc</value>
         <object_component_ref idref="oc-37c"/>
      </symbol>
      <symbol id="sm-211">
         <name>DiagnosticsLEDService4</name>
         <value>0x569</value>
         <object_component_ref idref="oc-293"/>
      </symbol>
      <symbol id="sm-248">
         <name>ResetISR</name>
         <value>0x32b7</value>
         <object_component_ref idref="oc-2a"/>
      </symbol>
      <symbol id="sm-249">
         <name>g_pfnVectors</name>
         <value>0x0</value>
         <object_component_ref idref="oc-f"/>
      </symbol>
      <symbol id="sm-281">
         <name>uxListRemove</name>
         <value>0x2fe5</value>
         <object_component_ref idref="oc-100"/>
      </symbol>
      <symbol id="sm-282">
         <name>vListInsert</name>
         <value>0x2df7</value>
         <object_component_ref idref="oc-323"/>
      </symbol>
      <symbol id="sm-283">
         <name>vListInitialiseItem</name>
         <value>0x32cf</value>
         <object_component_ref idref="oc-458"/>
      </symbol>
      <symbol id="sm-284">
         <name>vListInsertEnd</name>
         <value>0x3109</value>
         <object_component_ref idref="oc-106"/>
      </symbol>
      <symbol id="sm-285">
         <name>vListInitialise</name>
         <value>0x3151</value>
         <object_component_ref idref="oc-415"/>
      </symbol>
      <symbol id="sm-318">
         <name>xQueueGenericCreate</name>
         <value>0x2d81</value>
         <object_component_ref idref="oc-1c0"/>
      </symbol>
      <symbol id="sm-319">
         <name>xQueueGenericSend</name>
         <value>0x1a4d</value>
         <object_component_ref idref="oc-14c"/>
      </symbol>
      <symbol id="sm-31a">
         <name>xQueueGenericReset</name>
         <value>0x2155</value>
         <object_component_ref idref="oc-2eb"/>
      </symbol>
      <symbol id="sm-31b">
         <name>xQueueGiveFromISR</name>
         <value>0x2855</value>
         <object_component_ref idref="oc-376"/>
      </symbol>
      <symbol id="sm-31c">
         <name>xQueueGenericReceive</name>
         <value>0x1525</value>
         <object_component_ref idref="oc-39f"/>
      </symbol>
      <symbol id="sm-4c1">
         <name>vTaskSuspendAll</name>
         <value>0x320d</value>
         <object_component_ref idref="oc-1fa"/>
      </symbol>
      <symbol id="sm-4c2">
         <name>vTaskPriorityInherit</name>
         <value>0x1fa9</value>
         <object_component_ref idref="oc-471"/>
      </symbol>
      <symbol id="sm-4c3">
         <name>vTaskPlaceOnEventList</name>
         <value>0x255d</value>
         <object_component_ref idref="oc-21e"/>
      </symbol>
      <symbol id="sm-4c4">
         <name>xTaskCheckForTimeOut</name>
         <value>0x2901</value>
         <object_component_ref idref="oc-206"/>
      </symbol>
      <symbol id="sm-4c5">
         <name>xTaskPriorityDisinherit</name>
         <value>0x21d9</value>
         <object_component_ref idref="oc-331"/>
      </symbol>
      <symbol id="sm-4c6">
         <name>vTaskStartScheduler</name>
         <value>0x2745</value>
         <object_component_ref idref="oc-16a"/>
      </symbol>
      <symbol id="sm-4c7">
         <name>pvTaskIncrementMutexHeldCount</name>
         <value>0x30d9</value>
         <object_component_ref idref="oc-47d"/>
      </symbol>
      <symbol id="sm-4c8">
         <name>vTaskMissedYield</name>
         <value>0x326d</value>
         <object_component_ref idref="oc-319"/>
      </symbol>
      <symbol id="sm-4c9">
         <name>xTaskResumeAll</name>
         <value>0x1b35</value>
         <object_component_ref idref="oc-212"/>
      </symbol>
      <symbol id="sm-4ca">
         <name>xTaskGetTickCount</name>
         <value>0x3279</value>
         <object_component_ref idref="oc-3a5"/>
      </symbol>
      <symbol id="sm-4cb">
         <name>xTaskGenericCreate</name>
         <value>0x1751</value>
         <object_component_ref idref="oc-27b"/>
      </symbol>
      <symbol id="sm-4cc">
         <name>vTaskDelete</name>
         <value>0x1dad</value>
         <object_component_ref idref="oc-3b1"/>
      </symbol>
      <symbol id="sm-4cd">
         <name>pxCurrentTCB</name>
         <value>0x20007be0</value>
         <object_component_ref idref="oc-95"/>
      </symbol>
      <symbol id="sm-4ce">
         <name>vTaskSetTimeOutState</name>
         <value>0x3139</value>
         <object_component_ref idref="oc-1ee"/>
      </symbol>
      <symbol id="sm-4cf">
         <name>xTaskIncrementTick</name>
         <value>0x1855</value>
         <object_component_ref idref="oc-a2"/>
      </symbol>
      <symbol id="sm-4d0">
         <name>vTaskSwitchContext</name>
         <value>0x20c9</value>
         <object_component_ref idref="oc-9b"/>
      </symbol>
      <symbol id="sm-4d1">
         <name>xTaskRemoveFromEventList</name>
         <value>0x22d1</value>
         <object_component_ref idref="oc-22a"/>
      </symbol>
      <symbol id="sm-52b">
         <name>ulMaxSyscallInterruptPriority</name>
         <value>0x359c</value>
         <object_component_ref idref="oc-98"/>
      </symbol>
      <symbol id="sm-52c">
         <name>vPortSetupTimerInterrupt</name>
         <value>0x3191</value>
         <object_component_ref idref="oc-3f2"/>
      </symbol>
      <symbol id="sm-52d">
         <name>xPortSysTickHandler</name>
         <value>0x2ef5</value>
         <object_component_ref idref="oc-47"/>
      </symbol>
      <symbol id="sm-52e">
         <name>pxPortInitialiseStack</name>
         <value>0x2f75</value>
         <object_component_ref idref="oc-38c"/>
      </symbol>
      <symbol id="sm-52f">
         <name>vPortExitCritical</name>
         <value>0x3121</value>
         <object_component_ref idref="oc-1f4"/>
      </symbol>
      <symbol id="sm-530">
         <name>xPortStartScheduler</name>
         <value>0x2d41</value>
         <object_component_ref idref="oc-2bf"/>
      </symbol>
      <symbol id="sm-531">
         <name>vPortEnterCritical</name>
         <value>0x3041</value>
         <object_component_ref idref="oc-200"/>
      </symbol>
      <symbol id="sm-540">
         <name>vPortStartFirstTask</name>
         <value>0x1cc1</value>
         <object_component_ref idref="oc-42"/>
      </symbol>
      <symbol id="sm-541">
         <name>ulPortGetIPSR</name>
         <value>0x1c29</value>
         <object_component_ref idref="oc-42"/>
      </symbol>
      <symbol id="sm-542">
         <name>vPortEnableVFP</name>
         <value>0x1cdd</value>
         <object_component_ref idref="oc-42"/>
      </symbol>
      <symbol id="sm-543">
         <name>xPortPendSVHandler</name>
         <value>0x1c41</value>
         <object_component_ref idref="oc-42"/>
      </symbol>
      <symbol id="sm-544">
         <name>vPortSVCHandler</name>
         <value>0x1ca1</value>
         <object_component_ref idref="oc-42"/>
      </symbol>
      <symbol id="sm-590">
         <name>pvPortMalloc</name>
         <value>0x1e61</value>
         <object_component_ref idref="oc-2e5"/>
      </symbol>
      <symbol id="sm-591">
         <name>vPortFree</name>
         <value>0x2c3d</value>
         <object_component_ref idref="oc-451"/>
      </symbol>
      <symbol id="sm-5ff">
         <name>UARTStdioConfig</name>
         <value>0x2685</value>
         <object_component_ref idref="oc-1e3"/>
      </symbol>
      <symbol id="sm-600">
         <name>UARTwrite</name>
         <value>0x2b69</value>
         <object_component_ref idref="oc-340"/>
      </symbol>
      <symbol id="sm-601">
         <name>UARTprintf</name>
         <value>0x305d</value>
         <object_component_ref idref="oc-152"/>
      </symbol>
      <symbol id="sm-602">
         <name>UARTvprintf</name>
         <value>0xc45</value>
         <object_component_ref idref="oc-237"/>
      </symbol>
      <symbol id="sm-615">
         <name>_c_int00</name>
         <value>0x2955</value>
         <object_component_ref idref="oc-24"/>
      </symbol>
      <symbol id="sm-616">
         <name>__stack</name>
         <value>0x20007970</value>
         <object_component_ref idref="oc-29"/>
      </symbol>
      <symbol id="sm-62d">
         <name>__TI_decompress_none</name>
         <value>0x3239</value>
         <object_component_ref idref="oc-12"/>
      </symbol>
      <symbol id="sm-655">
         <name>__TI_decompress_rle24</name>
         <value>0x32c9</value>
         <object_component_ref idref="oc-18"/>
      </symbol>
      <symbol id="sm-667">
         <name>__TI_zero_init</name>
         <value>0x3261</value>
         <object_component_ref idref="oc-1e"/>
      </symbol>
      <symbol id="sm-686">
         <name>C$$EXIT</name>
         <value>0x2bf9</value>
         <object_component_ref idref="oc-87"/>
      </symbol>
      <symbol id="sm-687">
         <name>abort</name>
         <value>0x2bfd</value>
         <object_component_ref idref="oc-87"/>
      </symbol>
      <symbol id="sm-688">
         <name>exit</name>
         <value>0x2c05</value>
         <object_component_ref idref="oc-87"/>
      </symbol>
      <symbol id="sm-689">
         <name>__TI_dtors_ptr</name>
         <value>0x20007c24</value>
         <object_component_ref idref="oc-dc"/>
      </symbol>
      <symbol id="sm-68a">
         <name>__TI_cleanup_ptr</name>
         <value>0x20007c20</value>
         <object_component_ref idref="oc-dc"/>
      </symbol>
      <symbol id="sm-6a8">
         <name>memcpy</name>
         <value>0x1f0d</value>
         <object_component_ref idref="oc-50"/>
      </symbol>
      <symbol id="sm-6a9">
         <name>__aeabi_memcpy</name>
         <value>0x1f0d</value>
         <object_component_ref idref="oc-50"/>
      </symbol>
      <symbol id="sm-6aa">
         <name>__aeabi_memcpy8</name>
         <value>0x1f0d</value>
         <object_component_ref idref="oc-50"/>
      </symbol>
      <symbol id="sm-6ab">
         <name>__aeabi_memcpy4</name>
         <value>0x1f0d</value>
         <object_component_ref idref="oc-50"/>
      </symbol>
      <symbol id="sm-6ba">
         <name>__aeabi_memset</name>
         <value>0x2257</value>
         <object_component_ref idref="oc-69"/>
      </symbol>
      <symbol id="sm-6bb">
         <name>memset</name>
         <value>0x225d</value>
         <object_component_ref idref="oc-69"/>
      </symbol>
      <symbol id="sm-6bc">
         <name>__aeabi_memset8</name>
         <value>0x2257</value>
         <object_component_ref idref="oc-69"/>
      </symbol>
      <symbol id="sm-6bd">
         <name>__aeabi_memset4</name>
         <value>0x2257</value>
         <object_component_ref idref="oc-69"/>
      </symbol>
      <symbol id="sm-6be">
         <name>__aeabi_memclr8</name>
         <value>0x2255</value>
         <object_component_ref idref="oc-69"/>
      </symbol>
      <symbol id="sm-6bf">
         <name>__aeabi_memclr4</name>
         <value>0x2255</value>
         <object_component_ref idref="oc-69"/>
      </symbol>
      <symbol id="sm-6c0">
         <name>__aeabi_memclr</name>
         <value>0x2255</value>
         <object_component_ref idref="oc-69"/>
      </symbol>
      <symbol id="sm-6ca">
         <name>_system_pre_init</name>
         <value>0x32dd</value>
         <object_component_ref idref="oc-75"/>
      </symbol>
      <symbol id="sm-6d2">
         <name>main_func_sp</name>
         <value>0x20007c34</value>
         <object_component_ref idref="oc-8d"/>
      </symbol>
      <symbol id="sm-6e4">
         <name>__aeabi_uidivmod</name>
         <value>0x2d01</value>
         <object_component_ref idref="oc-346"/>
      </symbol>
      <symbol id="sm-6e5">
         <name>__aeabi_uidiv</name>
         <value>0x2d01</value>
         <object_component_ref idref="oc-346"/>
      </symbol>
      <symbol id="sm-6fe">
         <name>_nop</name>
         <value>0x318b</value>
         <object_component_ref idref="oc-17b"/>
      </symbol>
      <symbol id="sm-6ff">
         <name>_lock</name>
         <value>0x20007c18</value>
         <object_component_ref idref="oc-d9"/>
      </symbol>
      <symbol id="sm-700">
         <name>_unlock</name>
         <value>0x20007c1c</value>
         <object_component_ref idref="oc-d9"/>
      </symbol>
      <symbol id="sm-701">
         <name>_register_lock</name>
         <value>0x3183</value>
         <object_component_ref idref="oc-17b"/>
      </symbol>
      <symbol id="sm-702">
         <name>_register_unlock</name>
         <value>0x317d</value>
         <object_component_ref idref="oc-17b"/>
      </symbol>
      <symbol id="sm-717">
         <name>_args_main</name>
         <value>0x30f1</value>
         <object_component_ref idref="oc-81"/>
      </symbol>
      <symbol id="sm-73d">
         <name>__TI_auto_init</name>
         <value>0x23b9</value>
         <object_component_ref idref="oc-7b"/>
      </symbol>
      <symbol id="sm-757">
         <name>copy_in</name>
         <value>0x2ad5</value>
         <object_component_ref idref="oc-c9"/>
      </symbol>
      <symbol id="sm-761">
         <name>__aeabi_idiv0</name>
         <value>0x23b7</value>
         <object_component_ref idref="oc-432"/>
      </symbol>
      <symbol id="sm-7a3">
         <name>GPIOPinConfigure</name>
         <value>0x2b21</value>
         <object_component_ref idref="oc-1d1"/>
      </symbol>
      <symbol id="sm-7a4">
         <name>GPIOPinTypeUART</name>
         <value>0x31b7</value>
         <object_component_ref idref="oc-1d7"/>
      </symbol>
      <symbol id="sm-7a5">
         <name>GPIOPinTypeGPIOOutput</name>
         <value>0x3091</value>
         <object_component_ref idref="oc-3bb"/>
      </symbol>
      <symbol id="sm-7a6">
         <name>GPIODirModeSet</name>
         <value>0x2f21</value>
         <object_component_ref idref="oc-2f8"/>
      </symbol>
      <symbol id="sm-7a7">
         <name>GPIOPinWrite</name>
         <value>0x32b1</value>
         <object_component_ref idref="oc-3c1"/>
      </symbol>
      <symbol id="sm-7a8">
         <name>GPIOPadConfigSet</name>
         <value>0x12d5</value>
         <object_component_ref idref="oc-2fe"/>
      </symbol>
      <symbol id="sm-7ea">
         <name>IntEnable</name>
         <value>0x2491</value>
         <object_component_ref idref="oc-25c"/>
      </symbol>
      <symbol id="sm-7eb">
         <name>IntRegister</name>
         <value>0x2e31</value>
         <object_component_ref idref="oc-368"/>
      </symbol>
      <symbol id="sm-7ec">
         <name>g_pfnRAMVectors</name>
         <value>0x20000000</value>
         <object_component_ref idref="oc-449"/>
      </symbol>
      <symbol id="sm-7ed">
         <name>IntMasterEnable</name>
         <value>0x31ed</value>
         <object_component_ref idref="oc-244"/>
      </symbol>
      <symbol id="sm-83f">
         <name>SysCtlClockSet</name>
         <value>0x1959</value>
         <object_component_ref idref="oc-1b9"/>
      </symbol>
      <symbol id="sm-840">
         <name>SysCtlDelay</name>
         <value>0x32bd</value>
         <object_component_ref idref="oc-2e2"/>
      </symbol>
      <symbol id="sm-841">
         <name>SysCtlPeripheralEnable</name>
         <value>0x2e65</value>
         <object_component_ref idref="oc-1cb"/>
      </symbol>
      <symbol id="sm-842">
         <name>SysCtlClockGet</name>
         <value>0x1641</value>
         <object_component_ref idref="oc-250"/>
      </symbol>
      <symbol id="sm-89d">
         <name>TimerLoadSet</name>
         <value>0x31c9</value>
         <object_component_ref idref="oc-256"/>
      </symbol>
      <symbol id="sm-89e">
         <name>TimerIntRegister</name>
         <value>0x30a9</value>
         <object_component_ref idref="oc-268"/>
      </symbol>
      <symbol id="sm-89f">
         <name>TimerEnable</name>
         <value>0x321d</value>
         <object_component_ref idref="oc-26e"/>
      </symbol>
      <symbol id="sm-8a0">
         <name>TimerIntEnable</name>
         <value>0x3299</value>
         <object_component_ref idref="oc-262"/>
      </symbol>
      <symbol id="sm-8a1">
         <name>TimerConfigure</name>
         <value>0x2625</value>
         <object_component_ref idref="oc-24a"/>
      </symbol>
      <symbol id="sm-8a2">
         <name>TimerIntClear</name>
         <value>0x32d5</value>
         <object_component_ref idref="oc-370"/>
      </symbol>
      <symbol id="sm-91b">
         <name>UARTConfigSetExpClk</name>
         <value>0x2bb1</value>
         <object_component_ref idref="oc-29a"/>
      </symbol>
      <symbol id="sm-91c">
         <name>UARTDisable</name>
         <value>0x2fc5</value>
         <object_component_ref idref="oc-3c8"/>
      </symbol>
      <symbol id="sm-91d">
         <name>UARTIntEnable</name>
         <value>0x32a1</value>
         <object_component_ref idref="oc-2a0"/>
      </symbol>
      <symbol id="sm-91e">
         <name>UARTCharsAvail</name>
         <value>0x322b</value>
         <object_component_ref idref="oc-3ea"/>
      </symbol>
      <symbol id="sm-91f">
         <name>UARTClockSourceSet</name>
         <value>0x32c3</value>
         <object_component_ref idref="oc-1dd"/>
      </symbol>
      <symbol id="sm-920">
         <name>UARTEnable</name>
         <value>0x3167</value>
         <object_component_ref idref="oc-2a6"/>
      </symbol>
      <symbol id="sm-921">
         <name>UARTIntClear</name>
         <value>0x32d9</value>
         <object_component_ref idref="oc-3de"/>
      </symbol>
      <symbol id="sm-922">
         <name>UARTIntStatus</name>
         <value>0x328f</value>
         <object_component_ref idref="oc-3d8"/>
      </symbol>
      <symbol id="sm-923">
         <name>UARTCharGet</name>
         <value>0x3285</value>
         <object_component_ref idref="oc-3e4"/>
      </symbol>
      <symbol id="sm-924">
         <name>UARTIntRegister</name>
         <value>0x30c1</value>
         <object_component_ref idref="oc-2ac"/>
      </symbol>
      <symbol id="sm-92e">
         <name>CPUcpsie</name>
         <value>0x3247</value>
         <object_component_ref idref="oc-34e"/>
      </symbol>
      <symbol id="sm-92f">
         <name>__TI_static_base__</name>
         <value>0x0</value>
      </symbol>
      <symbol id="sm-932">
         <name>SHT$$INIT_ARRAY$$Limit</name>
         <value>0x0</value>
      </symbol>
      <symbol id="sm-933">
         <name>SHT$$INIT_ARRAY$$Base</name>
         <value>0x0</value>
      </symbol>
   </symbol_table>
   <title>Link successful</title>
</link_info>
